
zi tui trace max phase durations:
  wait: 18.009ms
  input_drain: 0.313ms
  sample: 0.123ms
  diff_apply: 0.228ms
  tick: 0.017ms
  draw: 0.094ms
  flush: 0.343ms
zi tui trace samples:
  wait: 0.020ms
  input_drain: 0.003ms
  sample: 0.003ms
  diff_apply: 0.035ms
  tick: 0.002ms
  wait: 0.015ms
  input_drain: 0.001ms
  sample: 0.002ms
  tick: 0.001ms
  wait: 0.016ms
  input_drain: 0.002ms
  sample: 0.003ms
  tick: 0.002ms
  wait: 0.014ms
  input_drain: 0.001ms
  sample: 0.001ms
  tick: 0.001ms
  wait: 0.015ms
  input_drain: 0.001ms
  sample: 0.002ms
  tick: 0.002ms
  wait: 0.012ms
  input_drain: 0.001ms
  sample: 0.002ms
  tick: 0.001ms
  wait: 0.007ms
  input_drain: 0.002ms
  sample: 0.002ms
  tick: 0.001ms
  wait: 0.013ms
  input_drain: 0.001ms
  sample: 0.001ms
  tick: 0.000ms
  wait: 0.002ms
  input_drain: 0.001ms
  sample: 0.001ms
  tick: 0.000ms
  wait: 0.013ms
  input_drain: 0.001ms
  sample: 0.001ms
  tick: 0.000ms
  wait: 0.004ms
  input_drain: 0.001ms
  sample: 0.001ms
  tick: 0.001ms
  wait: 0.014ms
  input_drain: 0.001ms
  sample: 0.001ms
  tick: 0.001ms
  wait: 0.003ms
  input_drain: 0.001ms
  sample: 0.001ms
  tick: 0.001ms
  wait: 0.003ms
  input_drain: 0.001ms
  sample: 0.001ms
  tick: 0.001ms
  wait: 0.003ms
  input_drain: 0.001ms
  sample: 0.001ms
  tick: 0.001ms
  wait: 0.014ms
  input_drain: 0.001ms
  sample: 0.001ms
